{
  "$schema": "http://json-schema.org/draft-07/schema#",
  "$ref": "#/definitions/ValueType",
  "definitions": {
    "ValueType": {
      "type": "object",
      "properties": {
        "array": {
          "type": "array",
          "items": {
            "anyOf": [
              {
                "type": "string"
              },
              {
                "not": {}
              }
            ]
          }
        }
      },
      "additionalProperties": false
    }
  }
}