<!DOCTYPE html PUBLIC "-//W3C//DTD HTML 4.01//EN" "http://www.w3.org/TR/html4/strict.dtd">
<html>
<head>
<meta http-equiv="Content-Type" content="text/html; charset=UTF-8">
<meta http-equiv="Content-Style-Type" content="text/css">
<title></title>
<meta name="Generator" content="Cocoa HTML Writer">
<meta name="CocoaVersion" content="2575.4">
<style type="text/css">
p.p1 {margin: 0.0px 0.0px 0.0px 0.0px; -webkit-text-stroke: #000000}
p.p2 {margin: 0.0px 0.0px 0.0px 0.0px; color: #b50013; -webkit-text-stroke: #b50013; background-color: #fb0007; background-color: rgba(251, 0, 7, 0.2)}
span.s1 {font: 12.0px Helvetica; font-kerning: none; color: #97007e; -webkit-text-stroke: 0px #97007e}
span.s2 {font: 12.0px Helvetica; font-kerning: none}
span.s3 {font: 12.0px Helvetica; font-kerning: none; color: #1400c4; -webkit-text-stroke: 0px #1400c4}
span.s4 {font: 12.0px Helvetica; font-kerning: none; color: #000000; -webkit-text-stroke: 0px #000000}
span.s5 {font: 12.0px Helvetica; font-kerning: none; color: #491187; -webkit-text-stroke: 0px #491187}
</style>
</head>
<body>
<p class="p1"><span class="s1">func</span><span class="s2"> </span><span class="s3">test</span><span class="s2">() {</span></p>
<p class="p2"><span class="s4"><span class="Apple-converted-space">    </span></span><span class="s5">print</span><span class="s4">(</span><span class="s2">"hello"</span><span class="s4">)</span></p>
<p class="p1"><span class="s2">}</span></p>
</body>
</html>
