{
  "$schema": "http://json-schema.org/draft-07/schema#",
  "$ref": "#/definitions/ValueType",
  "definitions": {
    "ValueType": {
      "type": "object",
      "properties": {
        "type": {
          "type": "string",
          "const": "value"
        },
        "value": {
          "type": "number"
        }
      },
      "required": [
        "type",
        "value"
      ],
      "additionalProperties": false
    }
  }
}