{
  "$schema": "http://json-schema.org/draft-07/schema#",
  "definitions": {
    "ValueType": {
      "type": "object",
      "properties": {
        "nested_value": {
          "$ref": "#/definitions/NestedValueType"
        }
      },
      "required": [
        "nested_value"
      ],
      "additionalProperties": false
    },
    "NestedValueType": {
      "type": "object",
      "properties": {
        "value": {
          "type": "string"
        }
      },
      "required": [
        "value"
      ],
      "additionalProperties": false
    }
  }
}