{
  "$schema": "http://json-schema.org/draft-07/schema#",
  "definitions": {
    "NumberType": {
      "type": "object",
      "properties": {
        "type": {
          "type": "string",
          "const": "number"
        },
        "value": {
          "type": "number"
        }
      },
      "required": [
        "type",
        "value"
      ],
      "additionalProperties": false
    },
    "BooleanType": {
      "type": "object",
      "properties": {
        "type": {
          "type": "string",
          "const": "boolean"
        },
        "value": {
          "type": "boolean"
        }
      },
      "required": [
        "type",
        "value"
      ],
      "additionalProperties": false
    },
    "ValueType": {
      "anyOf": [
        {
          "$ref": "#/definitions/NumberType"
        },
        {
          "$ref": "#/definitions/BooleanType"
        }
      ]
    }
  }
}