{
  "$schema": "http://json-schema.org/draft-07/schema#",
  "$ref": "#/definitions/ValueType",
  "definitions": {
    "ValueType": {
      "type": "object",
      "properties": {
        "line": {
          "type": "number",
          "format": "integer"
        },
        "column": {
          "type": "number",
          "format": "integer"
        }
      },
      "required": [
        "line"
      ],
      "additionalProperties": false
    }
  }
}