{
  "$schema": "http://json-schema.org/draft-07/schema#",
  "$ref": "#/definitions/Message",
  "definitions": {
    "Message": {
      "type": "object",
      "properties": {
        "role": {
          "type": "string",
          "enum": [
            "system",
            "user",
            "assistant",
            "function_call"
          ]
        },
        "single_value": {
          "type": "string",
          "const": "single_value"
        }
      },
      "required": [
        "role",
        "single_value"
      ],
      "additionalProperties": false
    }
  }
}