{
  "$schema": "http://json-schema.org/draft-07/schema#",
  "$ref": "#/definitions/Wrapper",
  "definitions": {
    "Wrapper": {
      "type": "object",
      "properties": {
        "properties": {
          "type": "object",
          "additionalProperties": {}
        }
      },
      "required": [
        "properties"
      ],
      "additionalProperties": false
    }
  }
}